// Jest Snapshot v1, https://goo.gl/fbAQLP

exports[`Thumbnail matches the snapshot 1`] = `
<div
  class="thumbnail"
>
  <img
    alt="Thumbnail image for nytimes.com"
    src={undefined}
  />
</div>
`;
